GAS LISTING bootpack.s 			page 1


   1              		.file	"bootpack.c"
   2              		.text
   3              		.globl	HariMain
   4              		.type	HariMain, @function
   5              	HariMain:
   6              	.LFB0:
   7              		.cfi_startproc
   8 0000 55       		pushl	%ebp
   9              		.cfi_def_cfa_offset 8
  10              		.cfi_offset 5, -8
  11 0001 89E5     		movl	%esp, %ebp
  12              		.cfi_def_cfa_register 5
  13 0003 53       		pushl	%ebx
  14 0004 52       		pushl	%edx
  15              		.cfi_offset 3, -12
  16 0005 BB00000A 		movl	$655360, %ebx
  16      00
  17              	.L2:
  18 000a 50       		pushl	%eax
  19 000b 50       		pushl	%eax
  20 000c 6A0C     		pushl	$12
  21 000e 53       		pushl	%ebx
  22 000f 43       		incl	%ebx
  23 0010 E8FCFFFF 		call	_write_mem8
  23      FF
  24 0015 83C410   		addl	$16, %esp
  25 0018 81FB0000 		cmpl	$720896, %ebx
  25      0B00
  26 001e 75EA     		jne	.L2
  27              	.L3:
  28 0020 E8FCFFFF 		call	_io_hlt
  28      FF
  29 0025 EBF9     		jmp	.L3
  30              		.cfi_endproc
  31              	.LFE0:
  32              		.size	HariMain, .-HariMain
  33              		.ident	"GCC: (Ubuntu 7.4.0-1ubuntu1~18.04.1) 7.4.0"
  34              		.section	.note.GNU-stack,"",@progbits
GAS LISTING bootpack.s 			page 2


DEFINED SYMBOLS
                            *ABS*:0000000000000000 bootpack.c
          bootpack.s:5      .text:0000000000000000 HariMain

UNDEFINED SYMBOLS
_write_mem8
_io_hlt
